npm warn Unknown cli config "--run". This will stop working in the next major version of npm.

> aether-ai@0.4.1 pretest
> npm run compile:dev

npm warn Unknown env config "run". This will stop working in the next major version of npm.

> aether-ai@0.4.1 compile:dev
> node esbuild.config.js --dev

Cleaning dist directory...
Dist directory cleaned.
Building extension.js and copilot.bundle.js...

  dist\extension.js      2.6mb
  dist\extension.js.map  5.8mb

Done in 973ms

  dist\copilot.bundle.js       8.3mb
  dist\copilot.bundle.js.map  13.2mb

Done in 2486ms
Build completed successfully in 2533ms.
Copying build assets...
Copied: node_modules\@vscode\tree-sitter-wasm\wasm/tree-sitter-go.wasm -> C:\Users\koula\Desktop\CODEBASE\Projects\OEvortex\copilot-helper\dist\tree-sitter-go.wasm
Copied: node_modules\@vscode\chat-lib\dist\src\_internal\platform/tokenizer/node/o200k_base.tiktoken -> C:\Users\koula\Desktop\CODEBASE\Projects\OEvortex\copilot-helper\dist\o200k_base.tiktoken
Copied: node_modules\@vscode\tree-sitter-wasm\wasm/tree-sitter-cpp.wasm -> C:\Users\koula\Desktop\CODEBASE\Projects\OEvortex\copilot-helper\dist\tree-sitter-cpp.wasm
Copied: node_modules\@vscode\tree-sitter-wasm\wasm/tree-sitter-python.wasm -> C:\Users\koula\Desktop\CODEBASE\Projects\OEvortex\copilot-helper\dist\tree-sitter-python.wasm
Copied: node_modules\@vscode\tree-sitter-wasm\wasm/tree-sitter-javascript.wasm -> C:\Users\koula\Desktop\CODEBASE\Projects\OEvortex\copilot-helper\dist\tree-sitter-javascript.wasm
Copied: node_modules\@vscode\tree-sitter-wasm\wasm/tree-sitter-ruby.wasm -> C:\Users\koula\Desktop\CODEBASE\Projects\OEvortex\copilot-helper\dist\tree-sitter-ruby.wasm
Copied: node_modules\@vscode\tree-sitter-wasm\wasm/tree-sitter-tsx.wasm -> C:\Users\koula\Desktop\CODEBASE\Projects\OEvortex\copilot-helper\dist\tree-sitter-tsx.wasm
Copied: node_modules\@vscode\chat-lib\dist\src\_internal\platform/tokenizer/node/cl100k_base.tiktoken -> C:\Users\koula\Desktop\CODEBASE\Projects\OEvortex\copilot-helper\dist\cl100k_base.tiktoken
Copied: node_modules\@vscode\tree-sitter-wasm\wasm/tree-sitter-c-sharp.wasm -> C:\Users\koula\Desktop\CODEBASE\Projects\OEvortex\copilot-helper\dist\tree-sitter-c-sharp.wasm
Copied: node_modules\@vscode\tree-sitter-wasm\wasm/tree-sitter-java.wasm -> C:\Users\koula\Desktop\CODEBASE\Projects\OEvortex\copilot-helper\dist\tree-sitter-java.wasm
Copied: node_modules\@vscode\tree-sitter-wasm\wasm/tree-sitter-rust.wasm -> C:\Users\koula\Desktop\CODEBASE\Projects\OEvortex\copilot-helper\dist\tree-sitter-rust.wasm
Copied: node_modules\@vscode\tree-sitter-wasm\wasm/tree-sitter.wasm -> C:\Users\koula\Desktop\CODEBASE\Projects\OEvortex\copilot-helper\dist\tree-sitter.wasm
Copied: node_modules\@vscode\tree-sitter-wasm\wasm/tree-sitter-php.wasm -> C:\Users\koula\Desktop\CODEBASE\Projects\OEvortex\copilot-helper\dist\tree-sitter-php.wasm
Copied: node_modules\@vscode\tree-sitter-wasm\wasm/tree-sitter-typescript.wasm -> C:\Users\koula\Desktop\CODEBASE\Projects\OEvortex\copilot-helper\dist\tree-sitter-typescript.wasm
Copied config: src/providers/config/aihubmix.json -> dist/providers/config/aihubmix.json
Copied config: src/providers/config/apertis.json -> dist/providers/config/apertis.json
Copied config: src/providers/config/baseten.json -> dist/providers/config/baseten.json
Copied config: src/providers/config/berget.json -> dist/providers/config/berget.json
Copied config: src/providers/config/blackbox.json -> dist/providers/config/blackbox.json
Copied config: src/providers/config/chatjimmy.json -> dist/providers/config/chatjimmy.json
Copied config: src/providers/config/chutes.json -> dist/providers/config/chutes.json
Copied config: src/providers/config/clarifai.json -> dist/providers/config/clarifai.json
Copied config: src/providers/config/codex.json -> dist/providers/config/codex.json
Copied config: src/providers/config/commonstack.json -> dist/providers/config/commonstack.json
Copied config: src/providers/config/cortecs.json -> dist/providers/config/cortecs.json
Copied config: src/providers/config/dashscope.json -> dist/providers/config/dashscope.json
Copied config: src/providers/config/deepinfra.json -> dist/providers/config/deepinfra.json
Copied config: src/providers/config/deepseek.json -> dist/providers/config/deepseek.json
Copied config: src/providers/config/dinference.json -> dist/providers/config/dinference.json
Copied config: src/providers/config/fastrouter.json -> dist/providers/config/fastrouter.json
Copied config: src/providers/config/fireworks.json -> dist/providers/config/fireworks.json
Copied config: src/providers/config/friendli.json -> dist/providers/config/friendli.json
Copied config: src/providers/config/huggingface.json -> dist/providers/config/huggingface.json
Copied config: src/providers/config/jiekou.json -> dist/providers/config/jiekou.json
Copied config: src/providers/config/kilo.json -> dist/providers/config/kilo.json
Copied config: src/providers/config/knox.json -> dist/providers/config/knox.json
Copied config: src/providers/config/lightningai.json -> dist/providers/config/lightningai.json
Copied config: src/providers/config/llmgateway.json -> dist/providers/config/llmgateway.json
Copied config: src/providers/config/meganova.json -> dist/providers/config/meganova.json
Copied config: src/providers/config/minimax.json -> dist/providers/config/minimax.json
Copied config: src/providers/config/mistral.json -> dist/providers/config/mistral.json
Copied config: src/providers/config/moark.json -> dist/providers/config/moark.json
Copied config: src/providers/config/modal.json -> dist/providers/config/modal.json
Copied config: src/providers/config/modelscope.json -> dist/providers/config/modelscope.json
Copied config: src/providers/config/moonshot.json -> dist/providers/config/moonshot.json
Copied config: src/providers/config/nanogpt.json -> dist/providers/config/nanogpt.json
Copied config: src/providers/config/nvidia.json -> dist/providers/config/nvidia.json
Copied config: src/providers/config/ollama.json -> dist/providers/config/ollama.json
Copied config: src/providers/config/opencode.json -> dist/providers/config/opencode.json
Copied config: src/providers/config/opencodego.json -> dist/providers/config/opencodego.json
Copied config: src/providers/config/pollinations.json -> dist/providers/config/pollinations.json
Copied config: src/providers/config/puter.json -> dist/providers/config/puter.json
Copied config: src/providers/config/qwencli.json -> dist/providers/config/qwencli.json
Copied config: src/providers/config/qzz.json -> dist/providers/config/qzz.json
Copied config: src/providers/config/rinkoai.json -> dist/providers/config/rinkoai.json
Copied config: src/providers/config/seraphyn.json -> dist/providers/config/seraphyn.json
Copied config: src/providers/config/sherlock.json -> dist/providers/config/sherlock.json
Copied config: src/providers/config/together.json -> dist/providers/config/together.json
Copied config: src/providers/config/vsllm.json -> dist/providers/config/vsllm.json
Copied config: src/providers/config/xinjianya.json -> dist/providers/config/xinjianya.json
Copied config: src/providers/config/zenmux.json -> dist/providers/config/zenmux.json
Copied config: src/providers/config/zhipu.json -> dist/providers/config/zhipu.json
Asset copying completed.

> aether-ai@0.4.1 test
> vitest


[1m[44m DEV [49m[22m [34mv3.2.4 [39m[90mC:/Users/koula/Desktop/CODEBASE/Projects/OEvortex/copilot-helper[39m

 [32mΓ£ô[39m src/utils/retryManager.test.ts [2m([22m[2m20 tests[22m[2m)[22m[32m 72[2mms[22m[39m
 [32mΓ£ô[39m src/utils/rateLimiter.test.ts [2m([22m[2m16 tests[22m[2m)[22m[32m 67[2mms[22m[39m
 [32mΓ£ô[39m src/accounts/accountManager.test.ts [2m([22m[2m59 tests[22m[2m)[22m[32m 135[2mms[22m[39m
 [32mΓ£ô[39m src/providers/openai/responsesHandler.test.ts [2m([22m[2m5 tests[22m[2m)[22m[32m 35[2mms[22m[39m
 [32mΓ£ô[39m src/utils/globalContextLengthManager.test.ts [2m([22m[2m2 tests[22m[2m)[22m[32m 16[2mms[22m[39m
 [32mΓ£ô[39m scripts/sync-providers.test.js [2m([22m[2m1 test[22m[2m)[22m[32m 30[2mms[22m[39m
 [32mΓ£ô[39m src/utils/tokenCounter.test.ts [2m([22m[2m2 tests[22m[2m)[22m[32m 11[2mms[22m[39m
 [32mΓ£ô[39m src/providers/openai/openaiHandler.test.ts [2m([22m[2m3 tests[22m[2m)[22m[32m 19[2mms[22m[39m

[2m Test Files [22m [1m[32m8 passed[39m[22m[90m (8)[39m
[2m      Tests [22m [1m[32m108 passed[39m[22m[90m (108)[39m
[2m   Start at [22m 10:16:44
[2m   Duration [22m 4.93s[2m (transform 2.47s, setup 0ms, collect 5.18s, tests 386ms, environment 5ms, prepare 4.40s)[22m

[1m[42m PASS [49m[22m [32mWaiting for file changes...[39m
       [2mpress [22m[1mh[22m[2m to show help[22m[2m, [22m[2mpress [22m[1mq[22m[2m to quit[22m
c[3J[1m[44m RERUN [49m[22m [34m[2msrc/providers/common/genericModelProvider.ts [22m[39m

 [32mΓ£ô[39m src/providers/openai/responsesHandler.test.ts [2m([22m[2m5 tests[22m[2m)[22m[32m 28[2mms[22m[39m
 [32mΓ£ô[39m src/providers/openai/openaiHandler.test.ts [2m([22m[2m3 tests[22m[2m)[22m[32m 22[2mms[22m[39m

[2m Test Files [22m [1m[32m2 passed[39m[22m[90m (2)[39m
[2m      Tests [22m [1m[32m8 passed[39m[22m[90m (8)[39m
[2m   Start at [22m 10:20:39
[2m   Duration [22m 1.08s

[1m[42m PASS [49m[22m [32mWaiting for file changes...[39m
       [2mpress [22m[1mh[22m[2m to show help[22m[2m, [22m[2mpress [22m[1mq[22m[2m to quit[22m
c[3J[1m[44m RERUN [49m[22m [34m[2mpackage.json [22m[39m

 [32mΓ£ô[39m src/utils/retryManager.test.ts [2m([22m[2m20 tests[22m[2m)[22m[32m 86[2mms[22m[39m
 [32mΓ£ô[39m src/utils/rateLimiter.test.ts [2m([22m[2m16 tests[22m[2m)[22m[32m 89[2mms[22m[39m
 [32mΓ£ô[39m src/accounts/accountManager.test.ts [2m([22m[2m59 tests[22m[2m)[22m[32m 254[2mms[22m[39m
 [32mΓ£ô[39m scripts/sync-providers.test.js [2m([22m[2m1 test[22m[2m)[22m[32m 35[2mms[22m[39m
 [32mΓ£ô[39m src/utils/globalContextLengthManager.test.ts [2m([22m[2m2 tests[22m[2m)[22m[32m 17[2mms[22m[39m
 [32mΓ£ô[39m src/providers/openai/responsesHandler.test.ts [2m([22m[2m5 tests[22m[2m)[22m[32m 38[2mms[22m[39m
 [32mΓ£ô[39m src/providers/openai/openaiHandler.test.ts [2m([22m[2m3 tests[22m[2m)[22m[32m 27[2mms[22m[39m
 [32mΓ£ô[39m src/utils/tokenCounter.test.ts [2m([22m[2m2 tests[22m[2m)[22m[32m 17[2mms[22m[39m

[2m Test Files [22m [1m[32m8 passed[39m[22m[90m (8)[39m
[2m      Tests [22m [1m[32m108 passed[39m[22m[90m (108)[39m
[2m   Start at [22m 10:32:32
[2m   Duration [22m 4.87s

[1m[42m PASS [49m[22m [32mWaiting for file changes...[39m
       [2mpress [22m[1mh[22m[2m to show help[22m[2m, [22m[2mpress [22m[1mq[22m[2m to quit[22m
c[3J[1m[44m RERUN [49m[22m [34m[2mpackage.json [22m[39m

 [32mΓ£ô[39m src/utils/rateLimiter.test.ts [2m([22m[2m16 tests[22m[2m)[22m[32m 76[2mms[22m[39m
 [32mΓ£ô[39m src/utils/retryManager.test.ts [2m([22m[2m20 tests[22m[2m)[22m[32m 155[2mms[22m[39m
 [32mΓ£ô[39m src/accounts/accountManager.test.ts [2m([22m[2m59 tests[22m[2m)[22m[33m 327[2mms[22m[39m
 [32mΓ£ô[39m src/providers/openai/responsesHandler.test.ts [2m([22m[2m5 tests[22m[2m)[22m[32m 43[2mms[22m[39m
 [32mΓ£ô[39m src/utils/globalContextLengthManager.test.ts [2m([22m[2m2 tests[22m[2m)[22m[32m 20[2mms[22m[39m
 [32mΓ£ô[39m scripts/sync-providers.test.js [2m([22m[2m1 test[22m[2m)[22m[32m 37[2mms[22m[39m
 [32mΓ£ô[39m src/utils/tokenCounter.test.ts [2m([22m[2m2 tests[22m[2m)[22m[32m 14[2mms[22m[39m
 [32mΓ£ô[39m src/providers/openai/openaiHandler.test.ts [2m([22m[2m3 tests[22m[2m)[22m[32m 28[2mms[22m[39m

[2m Test Files [22m [1m[32m8 passed[39m[22m[90m (8)[39m
[2m      Tests [22m [1m[32m108 passed[39m[22m[90m (108)[39m
[2m   Start at [22m 10:32:50
[2m   Duration [22m 4.98s

[1m[42m PASS [49m[22m [32mWaiting for file changes...[39m
       [2mpress [22m[1mh[22m[2m to show help[22m[2m, [22m[2mpress [22m[1mq[22m[2m to quit[22m
c[3J[1m[44m RERUN [49m[22m [34m[2mpackage.json [22m[39m

 [32mΓ£ô[39m src/utils/rateLimiter.test.ts [2m([22m[2m16 tests[22m[2m)[22m[32m 76[2mms[22m[39m
 [32mΓ£ô[39m src/utils/retryManager.test.ts [2m([22m[2m20 tests[22m[2m)[22m[33m 312[2mms[22m[39m
 [32mΓ£ô[39m src/accounts/accountManager.test.ts [2m([22m[2m59 tests[22m[2m)[22m[33m 411[2mms[22m[39m
 [32mΓ£ô[39m src/providers/openai/responsesHandler.test.ts [2m([22m[2m5 tests[22m[2m)[22m[32m 38[2mms[22m[39m
 [32mΓ£ô[39m src/utils/globalContextLengthManager.test.ts [2m([22m[2m2 tests[22m[2m)[22m[32m 21[2mms[22m[39m
 [32mΓ£ô[39m scripts/sync-providers.test.js [2m([22m[2m1 test[22m[2m)[22m[32m 59[2mms[22m[39m
 [32mΓ£ô[39m src/utils/tokenCounter.test.ts [2m([22m[2m2 tests[22m[2m)[22m[32m 12[2mms[22m[39m
 [32mΓ£ô[39m src/providers/openai/openaiHandler.test.ts [2m([22m[2m3 tests[22m[2m)[22m[32m 23[2mms[22m[39m

[2m Test Files [22m [1m[32m8 passed[39m[22m[90m (8)[39m
[2m      Tests [22m [1m[32m108 passed[39m[22m[90m (108)[39m
[2m   Start at [22m 10:33:14
[2m   Duration [22m 4.99s

[1m[42m PASS [49m[22m [32mWaiting for file changes...[39m
       [2mpress [22m[1mh[22m[2m to show help[22m[2m, [22m[2mpress [22m[1mq[22m[2m to quit[22m
c[3J[1m[44m RERUN [49m[22m [34m[2mpackage.json [22m[39m

 [32mΓ£ô[39m src/utils/rateLimiter.test.ts [2m([22m[2m16 tests[22m[2m)[22m[32m 68[2mms[22m[39m
 [32mΓ£ô[39m src/utils/retryManager.test.ts [2m([22m[2m20 tests[22m[2m)[22m[32m 110[2mms[22m[39m
 [32mΓ£ô[39m src/accounts/accountManager.test.ts [2m([22m[2m59 tests[22m[2m)[22m[32m 212[2mms[22m[39m
 [32mΓ£ô[39m scripts/sync-providers.test.js [2m([22m[2m1 test[22m[2m)[22m[32m 39[2mms[22m[39m
 [32mΓ£ô[39m src/providers/openai/responsesHandler.test.ts [2m([22m[2m5 tests[22m[2m)[22m[32m 37[2mms[22m[39m
 [32mΓ£ô[39m src/utils/globalContextLengthManager.test.ts [2m([22m[2m2 tests[22m[2m)[22m[32m 20[2mms[22m[39m
 [32mΓ£ô[39m src/providers/openai/openaiHandler.test.ts [2m([22m[2m3 tests[22m[2m)[22m[32m 24[2mms[22m[39m
 [32mΓ£ô[39m src/utils/tokenCounter.test.ts [2m([22m[2m2 tests[22m[2m)[22m[32m 16[2mms[22m[39m

[2m Test Files [22m [1m[32m8 passed[39m[22m[90m (8)[39m
[2m      Tests [22m [1m[32m108 passed[39m[22m[90m (108)[39m
[2m   Start at [22m 10:33:28
[2m   Duration [22m 4.53s

[1m[42m PASS [49m[22m [32mWaiting for file changes...[39m
       [2mpress [22m[1mh[22m[2m to show help[22m[2m, [22m[2mpress [22m[1mq[22m[2m to quit[22m
c[3J[1m[44m RERUN [49m[22m [34m[2mpackage.json [22m[39m

 [32mΓ£ô[39m src/utils/rateLimiter.test.ts [2m([22m[2m16 tests[22m[2m)[22m[32m 118[2mms[22m[39m
 [32mΓ£ô[39m src/utils/retryManager.test.ts [2m([22m[2m20 tests[22m[2m)[22m[32m 170[2mms[22m[39m
 [32mΓ£ô[39m src/accounts/accountManager.test.ts [2m([22m[2m59 tests[22m[2m)[22m[32m 243[2mms[22m[39m
 [32mΓ£ô[39m scripts/sync-providers.test.js [2m([22m[2m1 test[22m[2m)[22m[32m 39[2mms[22m[39m
 [32mΓ£ô[39m src/utils/globalContextLengthManager.test.ts [2m([22m[2m2 tests[22m[2m)[22m[32m 25[2mms[22m[39m
 [32mΓ£ô[39m src/utils/tokenCounter.test.ts [2m([22m[2m2 tests[22m[2m)[22m[32m 22[2mms[22m[39m
 [32mΓ£ô[39m src/providers/openai/responsesHandler.test.ts [2m([22m[2m5 tests[22m[2m)[22m[32m 44[2mms[22m[39m
 [32mΓ£ô[39m src/providers/openai/openaiHandler.test.ts [2m([22m[2m3 tests[22m[2m)[22m[32m 28[2mms[22m[39m

[2m Test Files [22m [1m[32m8 passed[39m[22m[90m (8)[39m
[2m      Tests [22m [1m[32m108 passed[39m[22m[90m (108)[39m
[2m   Start at [22m 10:33:42
[2m   Duration [22m 7.76s

[1m[42m PASS [49m[22m [32mWaiting for file changes...[39m
       [2mpress [22m[1mh[22m[2m to show help[22m[2m, [22m[2mpress [22m[1mq[22m[2m to quit[22m
